[
  {
    "date": 1639619535992,
    "creditCardEntity": {
      "number": "xxxx-xxxx-xxxx-1234",
      "name": "Bob",
      "id": 1,
      "type": "VISA",
      "expDate": "22/22"
    },
    "deliveryType": "DELIVERY",
    "company": {
      "name": "carlscafe",
      "id": 1
    },
    "id": 1,
    "state": "OPEN",
    "addressEntity": {
      "street": "Bobby street 12",
      "name": "Bob",
      "postcode": "41412",
      "telephone": "+(09)928423444",
      "id": 1,
      "email": "bob@gmail.com"
    },
    "orderItems": [
      {
        "product": {
          "imageFilename": "na.png",
          "price": 7.9,
          "name": "hotdog",
          "company": {
            "name": "carlscafe",
            "id": 1
          },
          "orders": [],
          "id": 2,
          "type": "main"
        },
        "amount": 1,
        "id": 1
      }
    ],
    "paymentType": "CARD"
  },
  {
    "date": 1639619535992,
    "creditCardEntity": {
      "number": "xxxx-xxxx-xxxx-1234",
      "name": "Bob",
      "id": 1,
      "type": "VISA",
      "expDate": "22/22"
    },
    "deliveryType": "DELIVERY",
    "company": {
      "name": "carlscafe",
      "id": 1
    },
    "id": 2,
    "state": "OPEN",
    "addressEntity": {
      "street": "Bobby street 12",
      "name": "Bob",
      "postcode": "41412",
      "telephone": "+(09)928423444",
      "id": 3,
      "email": "bob@gmail.com"
    },
    "orderItems": [
      {
        "product": {
          "imageFilename": "na.png",
          "price": 1.5,
          "name": "hamburger",
          "company": {
            "name": "carlscafe",
            "id": 1
          },
          "orders": [],
          "id": 1,
          "type": "main"
        },
        "amount": 2,
        "id": 2
      },
      {
        "product": {
          "imageFilename": "na.png",
          "price": 7.9,
          "name": "hotdog",
          "company": {
            "name": "carlscafe",
            "id": 1
          },
          "orders": [],
          "id": 2,
          "type": "main"
        },
        "amount": 1,
        "id": 3
      }
    ],
    "paymentType": "CARD"
  }
]
